// Jest Snapshot v1, https://goo.gl/fbAQLP

exports[`Should WinScreen render correctly With 2 questions With 0 mistake 1`] = `
<section
  className="result"
>
  <div
    className="result__logo"
  >
    <img
      alt="Угадай мелодию"
      height="83"
      src="img/melody-logo.png"
      width="186"
    />
  </div>
  <h2
    className="result__title"
  >
    Вы настоящий меломан!
  </h2>
  <p
    className="result__total"
  >
    Вы ответили правильно на 
    2
     вопросов и совершили 
    0
     ошибки
  </p>
  <button
    className="replay"
    onClick={[Function]}
    type="button"
  >
    Сыграть ещё раз
  </button>
</section>
`;

exports[`Should WinScreen render correctly With 2 questions With 1 mistake 1`] = `
<section
  className="result"
>
  <div
    className="result__logo"
  >
    <img
      alt="Угадай мелодию"
      height="83"
      src="img/melody-logo.png"
      width="186"
    />
  </div>
  <h2
    className="result__title"
  >
    Вы настоящий меломан!
  </h2>
  <p
    className="result__total"
  >
    Вы ответили правильно на 
    1
     вопросов и совершили 
    1
     ошибки
  </p>
  <button
    className="replay"
    onClick={[Function]}
    type="button"
  >
    Сыграть ещё раз
  </button>
</section>
`;

exports[`Should WinScreen render correctly With 3 questions With 0 mistake 1`] = `
<section
  className="result"
>
  <div
    className="result__logo"
  >
    <img
      alt="Угадай мелодию"
      height="83"
      src="img/melody-logo.png"
      width="186"
    />
  </div>
  <h2
    className="result__title"
  >
    Вы настоящий меломан!
  </h2>
  <p
    className="result__total"
  >
    Вы ответили правильно на 
    3
     вопросов и совершили 
    0
     ошибки
  </p>
  <button
    className="replay"
    onClick={[Function]}
    type="button"
  >
    Сыграть ещё раз
  </button>
</section>
`;

exports[`Should WinScreen render correctly With 3 questions With 1 mistake 1`] = `
<section
  className="result"
>
  <div
    className="result__logo"
  >
    <img
      alt="Угадай мелодию"
      height="83"
      src="img/melody-logo.png"
      width="186"
    />
  </div>
  <h2
    className="result__title"
  >
    Вы настоящий меломан!
  </h2>
  <p
    className="result__total"
  >
    Вы ответили правильно на 
    2
     вопросов и совершили 
    1
     ошибки
  </p>
  <button
    className="replay"
    onClick={[Function]}
    type="button"
  >
    Сыграть ещё раз
  </button>
</section>
`;
