// Jest Snapshot v1, https://goo.gl/fbAQLP

exports[`Component: NotFoundScreen should render correctly 1`] = `
<div>
  <section
    class="game"
  >
    <header
      class="game__header"
    >
      <a
        class="game__back"
        href="/"
      >
        <span
          class="visually-hidden"
        >
          Сыграть ещё раз
        </span>
        <img
          alt="Угадай мелодию"
          class="game__logo"
          src="img/melody-logo-ginger.png"
        />
      </a>
      <svg
        class="timer"
        viewBox="0 0 780 780"
        xmlns="http://www.w3.org/2000/svg"
      >
        <circle
          class="timer__line"
          cx="390"
          cy="390"
          r="370"
          style="filter: url(#blur); transform: rotate(-90deg) scaleY(-1); transform-origin: center;"
        />
      </svg>
    </header>
    <section
      class="game__screen"
    >
      <h1>
        404. Page not found
      </h1>
      <a
        href="/"
      >
        Вернуться на главную
      </a>
    </section>
  </section>
</div>
`;
